// Jest Snapshot v1, https://goo.gl/fbAQLP

exports[`components/TestLists TestLists Snapshot Test 1`] = `
"<ul>
  <li class=\\"li\\">洗澡12313</li>
  <li class=\\"li\\">起床</li>
  <li class=\\"li\\">11点洗澡</li>
  <li class=\\"li\\">提交代码</li>
</ul>"
`;

exports[`components/TestLists should render items 1`] = `
"<ul>
  <li class=\\"li\\">洗澡12313</li>
  <li class=\\"li\\">起床</li>
  <li class=\\"li\\">11点洗澡</li>
  <li class=\\"li\\">提交代码</li>
</ul>"
`;
