// Jest Snapshot v1, https://goo.gl/fbAQLP

exports[`TodoList render todolist 1`] = `
"<div class=\\"todo-list\\"><input class=\\"input\\" placeholder=\\"请输入要完成的事项\\" style=\\"background: seashell; color: rgb(44, 62, 80); display: inline-block; border-radius: 4px; padding: 10px;\\" type=\\"text\\"><button class=\\"button\\">添加</button>
  <ul>
    <li class=\\"todo\\"><input class=\\"input\\" type=\\"text\\"><span class=\\"done\\">✔️</span><span class=\\"close\\">❌</span></li>
    <li class=\\"todo\\"><input class=\\"input\\" type=\\"text\\"><span class=\\"done\\">✔️</span><span class=\\"close\\">❌</span></li>
    <li class=\\"todo-done todo\\"><input class=\\"input\\" type=\\"text\\"><span class=\\"done\\">✔️</span><span class=\\"close\\">❌</span></li>
    <li class=\\"todo-done todo\\"><input class=\\"input\\" type=\\"text\\"><span class=\\"done\\">✔️</span><span class=\\"close\\">❌</span></li>
  </ul><button class=\\"button\\">隐藏 已完成</button>
</div>"
`;
